COMMAND=cd frontend && npm ci && npm run check && npm run test && npm run build
EXIT_CODE=0
STDOUT

added 226 packages in 5s

> gits-kno-workbench@0.1.0 check
> vue-tsc --noEmit


> gits-kno-workbench@0.1.0 test
> vitest run


 RUN  v4.1.10 /home/szf/dev/gits-knowledge-engineering/frontend


 Test Files  21 passed (21)
      Tests  111 passed (111)
   Start at  23:41:17
   Duration  2.74s (transform 4.04s, setup 0ms, import 24.54s, tests 2.02s, environment 10.33s)


> gits-kno-workbench@0.1.0 build
> vue-tsc --noEmit && vite build

vite v8.2.0 building client environment for production...
[2K
transforming...✓ 2983 modules transformed.
rendering chunks...
computing gzip size...
dist/index.html                                   1.12 kB │ gzip:  0.46 kB
dist/assets/AuditTraceView-B0rkFV3z.css           0.09 kB │ gzip:  0.09 kB
dist/assets/InMeetingAssistant-CjIYDqcB.css       0.22 kB │ gzip:  0.17 kB
dist/assets/RiskBadge-cjoidtey.css                0.48 kB │ gzip:  0.25 kB
dist/assets/DisabledAction-cQCQmSJm.css           0.74 kB │ gzip:  0.32 kB
dist/assets/PortfolioBoardView-Lox_-O9f.css       0.80 kB │ gzip:  0.37 kB
dist/assets/WorkbenchView-nM8ON9e_.css            0.88 kB │ gzip:  0.41 kB
dist/assets/AccountsView-CuDLMVg_.css             1.06 kB │ gzip:  0.46 kB
dist/assets/SignalCard-UkXkdn3o.css               1.33 kB │ gzip:  0.45 kB
dist/assets/ReportDetail-Lp_fvJsl.css             1.56 kB │ gzip:  0.51 kB
dist/assets/KnowledgeMapView-qNdAvSj_.css         1.96 kB │ gzip:  0.66 kB
dist/assets/Login-C4dXxidO.css                    2.30 kB │ gzip:  0.70 kB
dist/assets/CustomerOperatingView-BP2wQ91B.css    3.04 kB │ gzip:  0.82 kB
dist/assets/JourneyTimeline-CYsWSKvN.css          4.24 kB │ gzip:  1.15 kB
dist/assets/ExternalEventMonitor-n2TF1Xdw.css     4.58 kB │ gzip:  1.11 kB
dist/assets/CommitmentDashboard-BLwmte2U.css      9.93 kB │ gzip:  1.91 kB
dist/assets/index-BIUaWNTf.css                   10.91 kB │ gzip:  3.05 kB
dist/assets/EngagementWorkspace-DqwYs5Da.css     11.12 kB │ gzip:  2.19 kB
dist/assets/useResourceStatus-CnaF8dhl.js         0.11 kB │ gzip:  0.11 kB
dist/assets/get-slot-D4ZJkMkZ.js                  0.16 kB │ gzip:  0.14 kB
dist/assets/use-merged-state-BB2Wv7Gy.js          0.42 kB │ gzip:  0.28 kB
dist/assets/light-BXat4L3O.js                     0.48 kB │ gzip:  0.31 kB
dist/assets/RiskBadge-QQtYvnqy.js                 0.51 kB │ gzip:  0.37 kB
dist/assets/ChevronRight-BLn84Iik.js              0.65 kB │ gzip:  0.41 kB
dist/assets/SignalCard-BIhTLnft.js                1.05 kB │ gzip:  0.57 kB
dist/assets/Login-Dex9KkVe.js                     1.60 kB │ gzip:  0.91 kB
dist/assets/AuditTraceView-DPFDGAl4.js            2.09 kB │ gzip:  1.00 kB
dist/assets/PortfolioBoardView-Diq3NPoc.js        2.72 kB │ gzip:  1.63 kB
dist/assets/Spin-BYm6rznm.js                      3.35 kB │ gzip:  1.43 kB
dist/assets/ReportDetail-BEsGiHRr.js              3.49 kB │ gzip:  1.65 kB
dist/assets/WorkbenchView-BoSAvCsX.js             3.69 kB │ gzip:  2.09 kB
dist/assets/AccountsView-Buupmvbt.js              3.73 kB │ gzip:  1.93 kB
dist/assets/v11-D84w7iuJ.js                       4.08 kB │ gzip:  1.86 kB
dist/assets/engagement-BttnEjZ1.js                4.51 kB │ gzip:  2.19 kB
dist/assets/Grid-Oh6LxcEZ.js                      5.74 kB │ gzip:  2.43 kB
dist/assets/ExternalEventMonitor-DzqHTIeH.js      5.89 kB │ gzip:  2.36 kB
dist/assets/JourneyTimeline-DBRNX3oA.js           6.47 kB │ gzip:  2.68 kB
dist/assets/keep-oZMlo3xL.js                      7.45 kB │ gzip:  2.81 kB
dist/assets/CustomerOperatingView-D94QYaid.js     7.49 kB │ gzip:  2.55 kB
dist/assets/Card-Dc61J2ZH.js                      9.02 kB │ gzip:  2.45 kB
dist/assets/Space-C8cVJwJD.js                     9.59 kB │ gzip:  3.30 kB
dist/assets/KnowledgeMapView-kmgvfLBD.js         10.34 kB │ gzip:  4.15 kB
dist/assets/DisabledAction-CqsJMNjK.js           11.07 kB │ gzip:  4.71 kB
dist/assets/Empty-BD-aQ3dl.js                    13.17 kB │ gzip:  4.91 kB
dist/assets/light-C07ahVxm.js                    14.10 kB │ gzip:  4.30 kB
dist/assets/CommitmentDashboard-C4ifLr0Z.js      16.07 kB │ gzip:  4.62 kB
dist/assets/Modal-_38g0mWF.js                    18.98 kB │ gzip:  6.38 kB
dist/assets/Input-PDxLGZiL.js                    32.11 kB │ gzip:  9.65 kB
dist/assets/EngagementWorkspace-o-WSZ8UF.js      33.78 kB │ gzip: 10.32 kB
dist/assets/light-DdOKwpgN.js                    34.36 kB │ gzip: 12.78 kB
dist/assets/Tooltip-lKpkj3FT.js                  37.19 kB │ gzip: 11.95 kB
dist/assets/axios-EEcY0w1S.js                    37.46 kB │ gzip: 14.80 kB
dist/assets/Button-fgDtEHah.js                   52.95 kB │ gzip: 15.74 kB
dist/assets/InMeetingAssistant-D2W9zfzn.js       63.43 kB │ gzip: 17.10 kB
dist/assets/auth-BTuNwDcU.js                     77.70 kB │ gzip: 30.48 kB
dist/assets/DataTable-QdSsY0N_.js               166.26 kB │ gzip: 45.58 kB
dist/assets/index-D-W8ogco.js                   210.46 kB │ gzip: 58.36 kB

✓ built in 569ms

STDERR
(node:2722995) Warning: `--localstorage-file` was provided without a valid path
(Use `node --trace-warnings ...` to show where the warning was created)
(node:2723068) Warning: `--localstorage-file` was provided without a valid path
(Use `node --trace-warnings ...` to show where the warning was created)
(node:2723103) Warning: `--localstorage-file` was provided without a valid path
(Use `node --trace-warnings ...` to show where the warning was created)
(node:2723050) Warning: `--localstorage-file` was provided without a valid path
(Use `node --trace-warnings ...` to show where the warning was created)
(node:2723025) Warning: `--localstorage-file` was provided without a valid path
(Use `node --trace-warnings ...` to show where the warning was created)
(node:2723076) Warning: `--localstorage-file` was provided without a valid path
(Use `node --trace-warnings ...` to show where the warning was created)
(node:2723026) Warning: `--localstorage-file` was provided without a valid path
(Use `node --trace-warnings ...` to show where the warning was created)
(node:2723083) Warning: `--localstorage-file` was provided without a valid path
(Use `node --trace-warnings ...` to show where the warning was created)
