OK: java -> /usr/bin/java
OK: javac -> /usr/bin/javac
OK: node -> /usr/local/bin/node
OK: npm -> /usr/local/bin/npm
OK: python3 -> /home/szf/anaconda3/bin/python3
OK: git -> /usr/bin/git
OK: rg -> /usr/share/cursor/resources/app/node_modules/@vscode/ripgrep/bin/rg
OK: Java 21
OK: javac 21
OK: Maven Wrapper 3.9.12
OK: Node 25
OK: Python 3.11
bootstrap-check: PASS
contract-generate: PASS
contract-check: PASS
loop-guard: PASS
secret-scan: PASS
semantic-rule-gate: SHACL: PASS
semantic-rule-gate: Schema JSON: PASS
semantic-rule-gate: DMN: PASS
semantic-rule-gate: LinkML: PASS
semantic-rule-gate: PASS
test_conflict_is_fail_closed_and_non_mutating (test_installer.InstallerTest.test_conflict_is_fail_closed_and_non_mutating) ... ok
test_plan_apply_idempotency_update_and_rollback (test_installer.InstallerTest.test_plan_apply_idempotency_update_and_rollback) ... ok
test_symlink_in_payload_is_rejected (test_installer.InstallerTest.test_symlink_in_payload_is_rejected) ... ok

----------------------------------------------------------------------
Ran 3 tests in 0.247s

OK
test_transfer_updates_control_set_together (test_baton.BatonTest.test_transfer_updates_control_set_together) ... ok
test_missing_wrapper_fails (test_bootstrap_wrapper.BootstrapWrapperTest.test_missing_wrapper_fails) ... ok
test_non_executable_wrapper_fails (test_bootstrap_wrapper.BootstrapWrapperTest.test_non_executable_wrapper_fails) ... ok
test_old_java_fails (test_bootstrap_wrapper.BootstrapWrapperTest.test_old_java_fails) ... ok
test_old_wrapper_version_fails (test_bootstrap_wrapper.BootstrapWrapperTest.test_old_wrapper_version_fails) ... ok
test_wrapper_download_failure_fails_closed (test_bootstrap_wrapper.BootstrapWrapperTest.test_wrapper_download_failure_fails_closed) ... ok
test_wrapper_present_new_maven_passes (test_bootstrap_wrapper.BootstrapWrapperTest.test_wrapper_present_new_maven_passes) ... ok
test_new_optional_property_is_compatible (test_contract_diff.ContractDiffTest.test_new_optional_property_is_compatible) ... ok
test_removed_property_is_breaking (test_contract_diff.ContractDiffTest.test_removed_property_is_breaking) ... ok
test_dummy_command_is_rejected (test_loop_guard.LoopGuardTest.test_dummy_command_is_rejected) ... ok
test_guard_self_test_covers_accept_and_fail_closed (test_oracle_readonly_guard.ReadOnlyGuardTest.test_guard_self_test_covers_accept_and_fail_closed) ... ok
test_environment_placeholder_is_allowed (test_secret_scan.SecretScanTest.test_environment_placeholder_is_allowed) ... ok
test_real_credential_and_personal_path_are_rejected (test_secret_scan.SecretScanTest.test_real_credential_and_personal_path_are_rejected) ... ok
test_gate_passes_on_repo_artifacts (test_semantic_rule_gate.SemanticRuleGateTest.test_gate_passes_on_repo_artifacts) ... ok

----------------------------------------------------------------------
Ran 14 tests in 0.442s

OK
backend-deps-check: PASS
[INFO] Scanning for projects...
[INFO] ------------------------------------------------------------------------
[INFO] Reactor Build Order:
[INFO] 
[INFO] GITS Knowledge Engineering                                         [pom]
[INFO] operational-ontology                                               [jar]
[INFO] semantic-runtime                                                   [jar]
[INFO] context-evidence                                                   [jar]
[INFO] human-action                                                       [jar]
[INFO] evaluation                                                         [jar]
[INFO] semantic-jena                                                      [jar]
[INFO] persistence-relational                                             [jar]
[INFO] hzb-kno-api                                                        [jar]
[INFO] hzb-kno-worker                                                     [jar]
[INFO] 
[INFO] --------------< com.gien.gits:gits-knowledge-engineering >--------------
[INFO] Building GITS Knowledge Engineering 0.1.0-SNAPSHOT                [1/10]
[INFO]   from pom.xml
[INFO] --------------------------------[ pom ]---------------------------------
[INFO] 
[INFO] --- enforcer:3.6.2:enforce (enforce-toolchain) @ gits-knowledge-engineering ---
[INFO] Rule 0: org.apache.maven.enforcer.rules.version.RequireJavaVersion passed
[INFO] Rule 1: org.apache.maven.enforcer.rules.version.RequireMavenVersion passed
[INFO] 
[INFO] -----------------< com.gien.gits:operational-ontology >-----------------
[INFO] Building operational-ontology 0.1.0-SNAPSHOT                      [2/10]
[INFO]   from modules/operational-ontology/pom.xml
[INFO] --------------------------------[ jar ]---------------------------------
[INFO] 
[INFO] --- enforcer:3.6.2:enforce (enforce-toolchain) @ operational-ontology ---
[INFO] 
[INFO] --- resources:3.3.1:resources (default-resources) @ operational-ontology ---
[INFO] skip non existing resourceDirectory /home/szf/dev/gits-knowledge-engineering/modules/operational-ontology/src/main/resources
[INFO] skip non existing resourceDirectory /home/szf/dev/gits-knowledge-engineering/modules/operational-ontology/src/main/resources
[INFO] 
[INFO] --- compiler:3.14.1:compile (default-compile) @ operational-ontology ---
[WARNING]  Parameter 'compilerVersion' (user property 'maven.compiler.compilerVersion') is deprecated: This parameter is no longer evaluated by the underlying compilers, instead the actual version of the javac binary is automatically retrieved.
[INFO] Nothing to compile - all classes are up to date.
[INFO] 
[INFO] --- resources:3.3.1:testResources (default-testResources) @ operational-ontology ---
[INFO] skip non existing resourceDirectory /home/szf/dev/gits-knowledge-engineering/modules/operational-ontology/src/test/resources
[INFO] 
[INFO] --- compiler:3.14.1:testCompile (default-testCompile) @ operational-ontology ---
[WARNING]  Parameter 'compilerVersion' (user property 'maven.compiler.compilerVersion') is deprecated: This parameter is no longer evaluated by the underlying compilers, instead the actual version of the javac binary is automatically retrieved.
[INFO] Nothing to compile - all classes are up to date.
[INFO] 
[INFO] --- surefire:3.5.6:test (default-test) @ operational-ontology ---
[INFO] Using auto detected provider org.apache.maven.surefire.junitplatform.JUnitPlatformProvider
[INFO] 
[INFO] -------------------------------------------------------
[INFO]  T E S T S
[INFO] -------------------------------------------------------
[INFO] Running com.gien.gits.ontology.OperationalOntologyTest
[INFO] Tests run: 3, Failures: 0, Errors: 0, Skipped: 0, Time elapsed: 0.046 s -- in com.gien.gits.ontology.OperationalOntologyTest
[INFO] 
[INFO] Results:
[INFO] 
[INFO] Tests run: 3, Failures: 0, Errors: 0, Skipped: 0
[INFO] 
[INFO] 
[INFO] --- jar:3.4.2:jar (default-jar) @ operational-ontology ---
[INFO] Building jar: /home/szf/dev/gits-knowledge-engineering/modules/operational-ontology/target/operational-ontology-0.1.0-SNAPSHOT.jar
[INFO] 
[INFO] -------------------< com.gien.gits:semantic-runtime >-------------------
[INFO] Building semantic-runtime 0.1.0-SNAPSHOT                          [3/10]
[INFO]   from modules/semantic-runtime/pom.xml
[INFO] --------------------------------[ jar ]---------------------------------
[INFO] 
[INFO] --- enforcer:3.6.2:enforce (enforce-toolchain) @ semantic-runtime ---
[INFO] 
[INFO] --- resources:3.3.1:resources (default-resources) @ semantic-runtime ---
[INFO] skip non existing resourceDirectory /home/szf/dev/gits-knowledge-engineering/modules/semantic-runtime/src/main/resources
[INFO] skip non existing resourceDirectory /home/szf/dev/gits-knowledge-engineering/modules/semantic-runtime/src/main/resources
[INFO] 
[INFO] --- compiler:3.14.1:compile (default-compile) @ semantic-runtime ---
[WARNING]  Parameter 'compilerVersion' (user property 'maven.compiler.compilerVersion') is deprecated: This parameter is no longer evaluated by the underlying compilers, instead the actual version of the javac binary is automatically retrieved.
[INFO] Nothing to compile - all classes are up to date.
[INFO] 
[INFO] --- resources:3.3.1:testResources (default-testResources) @ semantic-runtime ---
[INFO] skip non existing resourceDirectory /home/szf/dev/gits-knowledge-engineering/modules/semantic-runtime/src/test/resources
[INFO] 
[INFO] --- compiler:3.14.1:testCompile (default-testCompile) @ semantic-runtime ---
[WARNING]  Parameter 'compilerVersion' (user property 'maven.compiler.compilerVersion') is deprecated: This parameter is no longer evaluated by the underlying compilers, instead the actual version of the javac binary is automatically retrieved.
[INFO] Nothing to compile - all classes are up to date.
[INFO] 
[INFO] --- surefire:3.5.6:test (default-test) @ semantic-runtime ---
[INFO] Using auto detected provider org.apache.maven.surefire.junitplatform.JUnitPlatformProvider
[INFO] 
[INFO] -------------------------------------------------------
[INFO]  T E S T S
[INFO] -------------------------------------------------------
[INFO] Running com.gien.gits.semantic.InMemorySemanticRepositoryTest
[INFO] Tests run: 4, Failures: 0, Errors: 0, Skipped: 0, Time elapsed: 0.036 s -- in com.gien.gits.semantic.InMemorySemanticRepositoryTest
[INFO] 
[INFO] Results:
[INFO] 
[INFO] Tests run: 4, Failures: 0, Errors: 0, Skipped: 0
[INFO] 
[INFO] 
[INFO] --- jar:3.4.2:jar (default-jar) @ semantic-runtime ---
[INFO] Building jar: /home/szf/dev/gits-knowledge-engineering/modules/semantic-runtime/target/semantic-runtime-0.1.0-SNAPSHOT.jar
[INFO] 
[INFO] -------------------< com.gien.gits:context-evidence >-------------------
[INFO] Building context-evidence 0.1.0-SNAPSHOT                          [4/10]
[INFO]   from modules/context-evidence/pom.xml
[INFO] --------------------------------[ jar ]---------------------------------
[INFO] 
[INFO] --- enforcer:3.6.2:enforce (enforce-toolchain) @ context-evidence ---
[INFO] 
[INFO] --- resources:3.3.1:resources (default-resources) @ context-evidence ---
[INFO] skip non existing resourceDirectory /home/szf/dev/gits-knowledge-engineering/modules/context-evidence/src/main/resources
[INFO] skip non existing resourceDirectory /home/szf/dev/gits-knowledge-engineering/modules/context-evidence/src/main/resources
[INFO] 
[INFO] --- compiler:3.14.1:compile (default-compile) @ context-evidence ---
[WARNING]  Parameter 'compilerVersion' (user property 'maven.compiler.compilerVersion') is deprecated: This parameter is no longer evaluated by the underlying compilers, instead the actual version of the javac binary is automatically retrieved.
[INFO] Recompiling the module because of changed dependency.
[INFO] Compiling 3 source files with javac [debug parameters release 21] to target/classes
[INFO] 
[INFO] --- resources:3.3.1:testResources (default-testResources) @ context-evidence ---
[INFO] skip non existing resourceDirectory /home/szf/dev/gits-knowledge-engineering/modules/context-evidence/src/test/resources
[INFO] 
[INFO] --- compiler:3.14.1:testCompile (default-testCompile) @ context-evidence ---
[WARNING]  Parameter 'compilerVersion' (user property 'maven.compiler.compilerVersion') is deprecated: This parameter is no longer evaluated by the underlying compilers, instead the actual version of the javac binary is automatically retrieved.
[INFO] Recompiling the module because of changed dependency.
[INFO] Compiling 1 source file with javac [debug parameters release 21] to target/test-classes
[INFO] 
[INFO] --- surefire:3.5.6:test (default-test) @ context-evidence ---
[INFO] Using auto detected provider org.apache.maven.surefire.junitplatform.JUnitPlatformProvider
[INFO] 
[INFO] -------------------------------------------------------
[INFO]  T E S T S
[INFO] -------------------------------------------------------
[INFO] Running com.gien.gits.context.DefaultContextAssemblerTest
[INFO] Tests run: 9, Failures: 0, Errors: 0, Skipped: 0, Time elapsed: 0.056 s -- in com.gien.gits.context.DefaultContextAssemblerTest
[INFO] 
[INFO] Results:
[INFO] 
[INFO] Tests run: 9, Failures: 0, Errors: 0, Skipped: 0
[INFO] 
[INFO] 
[INFO] --- jar:3.4.2:jar (default-jar) @ context-evidence ---
[INFO] Building jar: /home/szf/dev/gits-knowledge-engineering/modules/context-evidence/target/context-evidence-0.1.0-SNAPSHOT.jar
[INFO] 
[INFO] ---------------------< com.gien.gits:human-action >---------------------
[INFO] Building human-action 0.1.0-SNAPSHOT                              [5/10]
[INFO]   from modules/human-action/pom.xml
[INFO] --------------------------------[ jar ]---------------------------------
[INFO] 
[INFO] --- enforcer:3.6.2:enforce (enforce-toolchain) @ human-action ---
[INFO] 
[INFO] --- resources:3.3.1:resources (default-resources) @ human-action ---
[INFO] skip non existing resourceDirectory /home/szf/dev/gits-knowledge-engineering/modules/human-action/src/main/resources
[INFO] skip non existing resourceDirectory /home/szf/dev/gits-knowledge-engineering/modules/human-action/src/main/resources
[INFO] 
[INFO] --- compiler:3.14.1:compile (default-compile) @ human-action ---
[WARNING]  Parameter 'compilerVersion' (user property 'maven.compiler.compilerVersion') is deprecated: This parameter is no longer evaluated by the underlying compilers, instead the actual version of the javac binary is automatically retrieved.
[INFO] Recompiling the module because of changed dependency.
[INFO] Compiling 3 source files with javac [debug parameters release 21] to target/classes
[INFO] 
[INFO] --- resources:3.3.1:testResources (default-testResources) @ human-action ---
[INFO] skip non existing resourceDirectory /home/szf/dev/gits-knowledge-engineering/modules/human-action/src/test/resources
[INFO] 
[INFO] --- compiler:3.14.1:testCompile (default-testCompile) @ human-action ---
[WARNING]  Parameter 'compilerVersion' (user property 'maven.compiler.compilerVersion') is deprecated: This parameter is no longer evaluated by the underlying compilers, instead the actual version of the javac binary is automatically retrieved.
[INFO] Recompiling the module because of changed dependency.
[INFO] Compiling 1 source file with javac [debug parameters release 21] to target/test-classes
[INFO] 
[INFO] --- surefire:3.5.6:test (default-test) @ human-action ---
[INFO] Using auto detected provider org.apache.maven.surefire.junitplatform.JUnitPlatformProvider
[INFO] 
[INFO] -------------------------------------------------------
[INFO]  T E S T S
[INFO] -------------------------------------------------------
[INFO] Running com.gien.gits.action.ControlledActionServiceTest
[INFO] Tests run: 4, Failures: 0, Errors: 0, Skipped: 0, Time elapsed: 0.046 s -- in com.gien.gits.action.ControlledActionServiceTest
[INFO] 
[INFO] Results:
[INFO] 
[INFO] Tests run: 4, Failures: 0, Errors: 0, Skipped: 0
[INFO] 
[INFO] 
[INFO] --- jar:3.4.2:jar (default-jar) @ human-action ---
[INFO] Building jar: /home/szf/dev/gits-knowledge-engineering/modules/human-action/target/human-action-0.1.0-SNAPSHOT.jar
[INFO] 
[INFO] ----------------------< com.gien.gits:evaluation >----------------------
[INFO] Building evaluation 0.1.0-SNAPSHOT                                [6/10]
[INFO]   from modules/evaluation/pom.xml
[INFO] --------------------------------[ jar ]---------------------------------
[INFO] 
[INFO] --- enforcer:3.6.2:enforce (enforce-toolchain) @ evaluation ---
[INFO] 
[INFO] --- resources:3.3.1:resources (default-resources) @ evaluation ---
[INFO] skip non existing resourceDirectory /home/szf/dev/gits-knowledge-engineering/modules/evaluation/src/main/resources
[INFO] skip non existing resourceDirectory /home/szf/dev/gits-knowledge-engineering/modules/evaluation/src/main/resources
[INFO] 
[INFO] --- compiler:3.14.1:compile (default-compile) @ evaluation ---
[WARNING]  Parameter 'compilerVersion' (user property 'maven.compiler.compilerVersion') is deprecated: This parameter is no longer evaluated by the underlying compilers, instead the actual version of the javac binary is automatically retrieved.
[INFO] Nothing to compile - all classes are up to date.
[INFO] 
[INFO] --- resources:3.3.1:testResources (default-testResources) @ evaluation ---
[INFO] skip non existing resourceDirectory /home/szf/dev/gits-knowledge-engineering/modules/evaluation/src/test/resources
[INFO] 
[INFO] --- compiler:3.14.1:testCompile (default-testCompile) @ evaluation ---
[WARNING]  Parameter 'compilerVersion' (user property 'maven.compiler.compilerVersion') is deprecated: This parameter is no longer evaluated by the underlying compilers, instead the actual version of the javac binary is automatically retrieved.
[INFO] Nothing to compile - all classes are up to date.
[INFO] 
[INFO] --- surefire:3.5.6:test (default-test) @ evaluation ---
[INFO] Using auto detected provider org.apache.maven.surefire.junitplatform.JUnitPlatformProvider
[INFO] 
[INFO] -------------------------------------------------------
[INFO]  T E S T S
[INFO] -------------------------------------------------------
[INFO] Running com.gien.gits.evaluation.DefaultEvaluatorTest
[INFO] Tests run: 12, Failures: 0, Errors: 0, Skipped: 0, Time elapsed: 0.061 s -- in com.gien.gits.evaluation.DefaultEvaluatorTest
[INFO] 
[INFO] Results:
[INFO] 
[INFO] Tests run: 12, Failures: 0, Errors: 0, Skipped: 0
[INFO] 
[INFO] 
[INFO] --- jar:3.4.2:jar (default-jar) @ evaluation ---
[INFO] Building jar: /home/szf/dev/gits-knowledge-engineering/modules/evaluation/target/evaluation-0.1.0-SNAPSHOT.jar
[INFO] 
[INFO] --------------------< com.gien.gits:semantic-jena >---------------------
[INFO] Building semantic-jena 0.1.0-SNAPSHOT                             [7/10]
[INFO]   from adapters/semantic-jena/pom.xml
[INFO] --------------------------------[ jar ]---------------------------------
[INFO] 
[INFO] --- enforcer:3.6.2:enforce (enforce-toolchain) @ semantic-jena ---
[INFO] 
[INFO] --- resources:3.3.1:resources (default-resources) @ semantic-jena ---
[INFO] skip non existing resourceDirectory /home/szf/dev/gits-knowledge-engineering/adapters/semantic-jena/src/main/resources
[INFO] skip non existing resourceDirectory /home/szf/dev/gits-knowledge-engineering/adapters/semantic-jena/src/main/resources
[INFO] 
[INFO] --- compiler:3.14.1:compile (default-compile) @ semantic-jena ---
[WARNING]  Parameter 'compilerVersion' (user property 'maven.compiler.compilerVersion') is deprecated: This parameter is no longer evaluated by the underlying compilers, instead the actual version of the javac binary is automatically retrieved.
[INFO] Recompiling the module because of changed dependency.
[INFO] Compiling 1 source file with javac [debug parameters release 21] to target/classes
[INFO] 
[INFO] --- resources:3.3.1:testResources (default-testResources) @ semantic-jena ---
[INFO] skip non existing resourceDirectory /home/szf/dev/gits-knowledge-engineering/adapters/semantic-jena/src/test/resources
[INFO] 
[INFO] --- compiler:3.14.1:testCompile (default-testCompile) @ semantic-jena ---
[WARNING]  Parameter 'compilerVersion' (user property 'maven.compiler.compilerVersion') is deprecated: This parameter is no longer evaluated by the underlying compilers, instead the actual version of the javac binary is automatically retrieved.
[INFO] Recompiling the module because of changed dependency.
[INFO] Compiling 1 source file with javac [debug parameters release 21] to target/test-classes
[INFO] 
[INFO] --- surefire:3.5.6:test (default-test) @ semantic-jena ---
[INFO] Using auto detected provider org.apache.maven.surefire.junitplatform.JUnitPlatformProvider
[INFO] 
[INFO] -------------------------------------------------------
[INFO]  T E S T S
[INFO] -------------------------------------------------------
[INFO] Running com.gien.gits.adapter.jena.JenaSemanticRepositoryAdapterTest
SLF4J(W): No SLF4J providers were found.
SLF4J(W): Defaulting to no-operation (NOP) logger implementation
SLF4J(W): See https://www.slf4j.org/codes.html#noProviders for further details.
[INFO] Tests run: 5, Failures: 0, Errors: 0, Skipped: 0, Time elapsed: 0.301 s -- in com.gien.gits.adapter.jena.JenaSemanticRepositoryAdapterTest
[INFO] 
[INFO] Results:
[INFO] 
[INFO] Tests run: 5, Failures: 0, Errors: 0, Skipped: 0
[INFO] 
[INFO] 
[INFO] --- jar:3.4.2:jar (default-jar) @ semantic-jena ---
[INFO] Building jar: /home/szf/dev/gits-knowledge-engineering/adapters/semantic-jena/target/semantic-jena-0.1.0-SNAPSHOT.jar
[INFO] 
[INFO] ----------------< com.gien.gits:persistence-relational >----------------
[INFO] Building persistence-relational 0.1.0-SNAPSHOT                    [8/10]
[INFO]   from adapters/persistence-relational/pom.xml
[INFO] --------------------------------[ jar ]---------------------------------
[INFO] 
[INFO] --- enforcer:3.6.2:enforce (enforce-toolchain) @ persistence-relational ---
[INFO] 
[INFO] --- resources:3.3.1:resources (default-resources) @ persistence-relational ---
[INFO] Copying 0 resource from src/main/resources to target/classes
[INFO] Copying 1 resource from src/main/resources to target/classes
[INFO] 
[INFO] --- compiler:3.14.1:compile (default-compile) @ persistence-relational ---
[WARNING]  Parameter 'compilerVersion' (user property 'maven.compiler.compilerVersion') is deprecated: This parameter is no longer evaluated by the underlying compilers, instead the actual version of the javac binary is automatically retrieved.
[INFO] Recompiling the module because of changed dependency.
[INFO] Compiling 1 source file with javac [debug parameters release 21] to target/classes
[INFO] 
[INFO] --- resources:3.3.1:testResources (default-testResources) @ persistence-relational ---
[INFO] skip non existing resourceDirectory /home/szf/dev/gits-knowledge-engineering/adapters/persistence-relational/src/test/resources
[INFO] 
[INFO] --- compiler:3.14.1:testCompile (default-testCompile) @ persistence-relational ---
[WARNING]  Parameter 'compilerVersion' (user property 'maven.compiler.compilerVersion') is deprecated: This parameter is no longer evaluated by the underlying compilers, instead the actual version of the javac binary is automatically retrieved.
[INFO] Recompiling the module because of changed dependency.
[INFO] Compiling 1 source file with javac [debug parameters release 21] to target/test-classes
[INFO] 
[INFO] --- surefire:3.5.6:test (default-test) @ persistence-relational ---
[INFO] Using auto detected provider org.apache.maven.surefire.junitplatform.JUnitPlatformProvider
[INFO] 
[INFO] -------------------------------------------------------
[INFO]  T E S T S
[INFO] -------------------------------------------------------
[INFO] Running com.gien.gits.adapter.persistence.JdbcOperatingCaseRepositoryTest
[INFO] Tests run: 3, Failures: 0, Errors: 0, Skipped: 0, Time elapsed: 0.208 s -- in com.gien.gits.adapter.persistence.JdbcOperatingCaseRepositoryTest
[INFO] 
[INFO] Results:
[INFO] 
[INFO] Tests run: 3, Failures: 0, Errors: 0, Skipped: 0
[INFO] 
[INFO] 
[INFO] --- jar:3.4.2:jar (default-jar) @ persistence-relational ---
[INFO] Building jar: /home/szf/dev/gits-knowledge-engineering/adapters/persistence-relational/target/persistence-relational-0.1.0-SNAPSHOT.jar
[INFO] 
[INFO] ---------------------< com.gien.gits:hzb-kno-api >----------------------
[INFO] Building hzb-kno-api 0.1.0-SNAPSHOT                               [9/10]
[INFO]   from apps/api/pom.xml
[INFO] --------------------------------[ jar ]---------------------------------
[INFO] 
[INFO] --- enforcer:3.6.2:enforce (enforce-toolchain) @ hzb-kno-api ---
[INFO] 
[INFO] --- resources:3.3.1:resources (default-resources) @ hzb-kno-api ---
[INFO] Copying 1 resource from src/main/resources to target/classes
[INFO] Copying 0 resource from src/main/resources to target/classes
[INFO] 
[INFO] --- compiler:3.14.1:compile (default-compile) @ hzb-kno-api ---
[WARNING]  Parameter 'compilerVersion' (user property 'maven.compiler.compilerVersion') is deprecated: This parameter is no longer evaluated by the underlying compilers, instead the actual version of the javac binary is automatically retrieved.
[INFO] Recompiling the module because of changed dependency.
[INFO] Compiling 2 source files with javac [debug parameters release 21] to target/classes
[INFO] 由于在类路径中发现了一个或多个处理程序，因此启用了
  批注处理。未来发行版的 javac 可能会禁用批注处理，
  除非至少按名称指定了一个处理程序 (-processor)，
  或指定了搜索路径 (--processor-path, --processor-module-path)，
  或显式启用了批注处理 (-proc:only, -proc:full)。
  可使用 -Xlint:-options 隐藏此消息。
  可使用 -proc:none 禁用批注处理。
[INFO] Extracting Javadoc into /home/szf/dev/gits-knowledge-engineering/./target/generated-spring-modulith/javadoc.json.
[INFO] 
[INFO] --- resources:3.3.1:testResources (default-testResources) @ hzb-kno-api ---
[INFO] skip non existing resourceDirectory /home/szf/dev/gits-knowledge-engineering/apps/api/src/test/resources
[INFO] 
[INFO] --- compiler:3.14.1:testCompile (default-testCompile) @ hzb-kno-api ---
[WARNING]  Parameter 'compilerVersion' (user property 'maven.compiler.compilerVersion') is deprecated: This parameter is no longer evaluated by the underlying compilers, instead the actual version of the javac binary is automatically retrieved.
[INFO] Recompiling the module because of changed dependency.
[INFO] Compiling 3 source files with javac [debug parameters release 21] to target/test-classes
[INFO] 由于在类路径中发现了一个或多个处理程序，因此启用了
  批注处理。未来发行版的 javac 可能会禁用批注处理，
  除非至少按名称指定了一个处理程序 (-processor)，
  或指定了搜索路径 (--processor-path, --processor-module-path)，
  或显式启用了批注处理 (-proc:only, -proc:full)。
  可使用 -Xlint:-options 隐藏此消息。
  可使用 -proc:none 禁用批注处理。
[INFO] 
[INFO] --- surefire:3.5.6:test (default-test) @ hzb-kno-api ---
[INFO] Using auto detected provider org.apache.maven.surefire.junitplatform.JUnitPlatformProvider
[INFO] 
[INFO] -------------------------------------------------------
[INFO]  T E S T S
[INFO] -------------------------------------------------------
[INFO] Running com.gien.gits.api.ArchitectureStatusContractTest
02:07:58.478 [main] INFO org.springframework.test.context.support.AnnotationConfigContextLoaderUtils -- Could not detect default configuration classes for test class [com.gien.gits.api.ArchitectureStatusContractTest]: ArchitectureStatusContractTest does not declare any static, non-private, non-final, nested classes annotated with @Configuration.
02:07:58.562 [main] INFO org.springframework.boot.test.context.SpringBootTestContextBootstrapper -- Found @SpringBootConfiguration com.gien.gits.api.HzbKnoApiApplication for test class com.gien.gits.api.ArchitectureStatusContractTest
2026-08-02T02:07:58.848+08:00  INFO 3272550 --- [hzb-kno-api] [           main] c.g.g.a.ArchitectureStatusContractTest   : Starting ArchitectureStatusContractTest using Java 21.0.11 with PID 3272550 (started by szf in /home/szf/dev/gits-knowledge-engineering/apps/api)
2026-08-02T02:07:58.849+08:00  INFO 3272550 --- [hzb-kno-api] [           main] c.g.g.a.ArchitectureStatusContractTest   : No active profile set, falling back to 1 default profile: "default"
2026-08-02T02:07:59.930+08:00  INFO 3272550 --- [hzb-kno-api] [           main] o.s.b.t.m.w.SpringBootMockServletContext : Initializing Spring TestDispatcherServlet ''
2026-08-02T02:07:59.931+08:00  INFO 3272550 --- [hzb-kno-api] [           main] o.s.t.web.servlet.TestDispatcherServlet  : Initializing Servlet ''
2026-08-02T02:07:59.940+08:00  INFO 3272550 --- [hzb-kno-api] [           main] o.s.b.a.e.web.EndpointLinksResolver      : Exposing 2 endpoints beneath base path '/actuator'
2026-08-02T02:07:59.952+08:00  INFO 3272550 --- [hzb-kno-api] [           main] o.s.t.web.servlet.TestDispatcherServlet  : Completed initialization in 20 ms
2026-08-02T02:08:00.018+08:00  INFO 3272550 --- [hzb-kno-api] [           main] o.s.s.config.TaskSchedulerRouter         : No TaskScheduler/ScheduledExecutorService bean found for scheduled processing
2026-08-02T02:08:00.022+08:00  INFO 3272550 --- [hzb-kno-api] [           main] c.g.g.a.ArchitectureStatusContractTest   : Started ArchitectureStatusContractTest in 1.377 seconds (process running for 1.931)
Mockito is currently self-attaching to enable the inline-mock-maker. This will no longer work in future releases of the JDK. Please add Mockito as an agent to your build as described in Mockito's documentation: https://javadoc.io/doc/org.mockito/mockito-core/latest/org.mockito/org/mockito/Mockito.html#0.3
OpenJDK 64-Bit Server VM warning: Sharing is only supported for boot loader classes because bootstrap classpath has been appended
WARNING: A Java agent has been loaded dynamically (/home/szf/.m2/repository/net/bytebuddy/byte-buddy-agent/1.17.8/byte-buddy-agent-1.17.8.jar)
WARNING: If a serviceability tool is in use, please run with -XX:+EnableDynamicAgentLoading to hide this warning
WARNING: If a serviceability tool is not in use, please run with -Djdk.instrument.traceUsage for more information
WARNING: Dynamic loading of agents will be disallowed by default in a future release
[INFO] Tests run: 1, Failures: 0, Errors: 0, Skipped: 0, Time elapsed: 2.292 s -- in com.gien.gits.api.ArchitectureStatusContractTest
[INFO] Running com.gien.gits.api.ArchitectureStatusControllerTest
2026-08-02T02:08:00.683+08:00  INFO 3272550 --- [hzb-kno-api] [           main] t.c.s.AnnotationConfigContextLoaderUtils : Could not detect default configuration classes for test class [com.gien.gits.api.ArchitectureStatusControllerTest]: ArchitectureStatusControllerTest does not declare any static, non-private, non-final, nested classes annotated with @Configuration.
2026-08-02T02:08:00.685+08:00  INFO 3272550 --- [hzb-kno-api] [           main] .b.t.c.SpringBootTestContextBootstrapper : Found @SpringBootConfiguration com.gien.gits.api.HzbKnoApiApplication for test class com.gien.gits.api.ArchitectureStatusControllerTest
[INFO] Tests run: 1, Failures: 0, Errors: 0, Skipped: 0, Time elapsed: 0.019 s -- in com.gien.gits.api.ArchitectureStatusControllerTest
[INFO] 
[INFO] Results:
[INFO] 
[INFO] Tests run: 2, Failures: 0, Errors: 0, Skipped: 0
[INFO] 
[INFO] 
[INFO] --- jar:3.4.2:jar (default-jar) @ hzb-kno-api ---
[INFO] Building jar: /home/szf/dev/gits-knowledge-engineering/apps/api/target/hzb-kno-api-0.1.0-SNAPSHOT.jar
[INFO] 
[INFO] --- spring-boot:3.5.16:repackage (repackage) @ hzb-kno-api ---
[INFO] Replacing main artifact /home/szf/dev/gits-knowledge-engineering/apps/api/target/hzb-kno-api-0.1.0-SNAPSHOT.jar with repackaged archive, adding nested dependencies in BOOT-INF/.
[INFO] The original artifact has been renamed to /home/szf/dev/gits-knowledge-engineering/apps/api/target/hzb-kno-api-0.1.0-SNAPSHOT.jar.original
[INFO] 
[INFO] --------------------< com.gien.gits:hzb-kno-worker >--------------------
[INFO] Building hzb-kno-worker 0.1.0-SNAPSHOT                           [10/10]
[INFO]   from apps/worker/pom.xml
[INFO] --------------------------------[ jar ]---------------------------------
[INFO] 
[INFO] --- enforcer:3.6.2:enforce (enforce-toolchain) @ hzb-kno-worker ---
[INFO] 
[INFO] --- resources:3.3.1:resources (default-resources) @ hzb-kno-worker ---
[INFO] Copying 1 resource from src/main/resources to target/classes
[INFO] Copying 0 resource from src/main/resources to target/classes
[INFO] 
[INFO] --- compiler:3.14.1:compile (default-compile) @ hzb-kno-worker ---
[WARNING]  Parameter 'compilerVersion' (user property 'maven.compiler.compilerVersion') is deprecated: This parameter is no longer evaluated by the underlying compilers, instead the actual version of the javac binary is automatically retrieved.
[INFO] Recompiling the module because of changed dependency.
[INFO] Compiling 4 source files with javac [debug parameters release 21] to target/classes
[INFO] 由于在类路径中发现了一个或多个处理程序，因此启用了
  批注处理。未来发行版的 javac 可能会禁用批注处理，
  除非至少按名称指定了一个处理程序 (-processor)，
  或指定了搜索路径 (--processor-path, --processor-module-path)，
  或显式启用了批注处理 (-proc:only, -proc:full)。
  可使用 -Xlint:-options 隐藏此消息。
  可使用 -proc:none 禁用批注处理。
[INFO] Extracting Javadoc into /home/szf/dev/gits-knowledge-engineering/./target/generated-spring-modulith/javadoc.json.
[INFO] 
[INFO] --- resources:3.3.1:testResources (default-testResources) @ hzb-kno-worker ---
[INFO] skip non existing resourceDirectory /home/szf/dev/gits-knowledge-engineering/apps/worker/src/test/resources
[INFO] 
[INFO] --- compiler:3.14.1:testCompile (default-testCompile) @ hzb-kno-worker ---
[WARNING]  Parameter 'compilerVersion' (user property 'maven.compiler.compilerVersion') is deprecated: This parameter is no longer evaluated by the underlying compilers, instead the actual version of the javac binary is automatically retrieved.
[INFO] Recompiling the module because of changed dependency.
[INFO] Compiling 1 source file with javac [debug parameters release 21] to target/test-classes
[INFO] 由于在类路径中发现了一个或多个处理程序，因此启用了
  批注处理。未来发行版的 javac 可能会禁用批注处理，
  除非至少按名称指定了一个处理程序 (-processor)，
  或指定了搜索路径 (--processor-path, --processor-module-path)，
  或显式启用了批注处理 (-proc:only, -proc:full)。
  可使用 -Xlint:-options 隐藏此消息。
  可使用 -proc:none 禁用批注处理。
[INFO] 
[INFO] --- surefire:3.5.6:test (default-test) @ hzb-kno-worker ---
[INFO] Using auto detected provider org.apache.maven.surefire.junitplatform.JUnitPlatformProvider
[INFO] 
[INFO] -------------------------------------------------------
[INFO]  T E S T S
[INFO] -------------------------------------------------------
[INFO] Running com.gien.gits.worker.events.WorkerEventHandlerTest
02:08:01.517 [main] INFO org.springframework.test.context.support.AnnotationConfigContextLoaderUtils -- Could not detect default configuration classes for test class [com.gien.gits.worker.events.WorkerEventHandlerTest]: WorkerEventHandlerTest does not declare any static, non-private, non-final, nested classes annotated with @Configuration.
02:08:01.586 [main] INFO org.springframework.boot.test.context.SpringBootTestContextBootstrapper -- Found @SpringBootConfiguration com.gien.gits.worker.HzbKnoWorkerApplication for test class com.gien.gits.worker.events.WorkerEventHandlerTest
2026-08-02T02:08:01.829+08:00  INFO 3272903 --- [hzb-kno-worker] [           main] c.g.g.w.events.WorkerEventHandlerTest    : Starting WorkerEventHandlerTest using Java 21.0.11 with PID 3272903 (started by szf in /home/szf/dev/gits-knowledge-engineering/apps/worker)
2026-08-02T02:08:01.830+08:00  INFO 3272903 --- [hzb-kno-worker] [           main] c.g.g.w.events.WorkerEventHandlerTest    : No active profile set, falling back to 1 default profile: "default"
2026-08-02T02:08:02.095+08:00  INFO 3272903 --- [hzb-kno-worker] [           main] o.s.s.config.TaskSchedulerRouter         : No TaskScheduler/ScheduledExecutorService bean found for scheduled processing
2026-08-02T02:08:02.097+08:00  INFO 3272903 --- [hzb-kno-worker] [           main] c.g.g.w.events.WorkerEventHandlerTest    : Started WorkerEventHandlerTest in 0.447 seconds (process running for 0.928)
Mockito is currently self-attaching to enable the inline-mock-maker. This will no longer work in future releases of the JDK. Please add Mockito as an agent to your build as described in Mockito's documentation: https://javadoc.io/doc/org.mockito/mockito-core/latest/org.mockito/org/mockito/Mockito.html#0.3
OpenJDK 64-Bit Server VM warning: Sharing is only supported for boot loader classes because bootstrap classpath has been appended
WARNING: A Java agent has been loaded dynamically (/home/szf/.m2/repository/net/bytebuddy/byte-buddy-agent/1.17.8/byte-buddy-agent-1.17.8.jar)
WARNING: If a serviceability tool is in use, please run with -XX:+EnableDynamicAgentLoading to hide this warning
WARNING: If a serviceability tool is not in use, please run with -Djdk.instrument.traceUsage for more information
WARNING: Dynamic loading of agents will be disallowed by default in a future release
[INFO] Tests run: 3, Failures: 0, Errors: 0, Skipped: 0, Time elapsed: 1.112 s -- in com.gien.gits.worker.events.WorkerEventHandlerTest
[INFO] 
[INFO] Results:
[INFO] 
[INFO] Tests run: 3, Failures: 0, Errors: 0, Skipped: 0
[INFO] 
[INFO] 
[INFO] --- jar:3.4.2:jar (default-jar) @ hzb-kno-worker ---
[INFO] Building jar: /home/szf/dev/gits-knowledge-engineering/apps/worker/target/hzb-kno-worker-0.1.0-SNAPSHOT.jar
[INFO] 
[INFO] --- spring-boot:3.5.16:repackage (repackage) @ hzb-kno-worker ---
[INFO] Replacing main artifact /home/szf/dev/gits-knowledge-engineering/apps/worker/target/hzb-kno-worker-0.1.0-SNAPSHOT.jar with repackaged archive, adding nested dependencies in BOOT-INF/.
[INFO] The original artifact has been renamed to /home/szf/dev/gits-knowledge-engineering/apps/worker/target/hzb-kno-worker-0.1.0-SNAPSHOT.jar.original
[INFO] ------------------------------------------------------------------------
[INFO] Reactor Summary for GITS Knowledge Engineering 0.1.0-SNAPSHOT:
[INFO] 
[INFO] GITS Knowledge Engineering ......................... SUCCESS [  0.189 s]
[INFO] operational-ontology ............................... SUCCESS [  0.966 s]
[INFO] semantic-runtime ................................... SUCCESS [  0.317 s]
[INFO] context-evidence ................................... SUCCESS [  0.877 s]
[INFO] human-action ....................................... SUCCESS [  0.454 s]
[INFO] evaluation ......................................... SUCCESS [  0.328 s]
[INFO] semantic-jena ...................................... SUCCESS [  0.840 s]
[INFO] persistence-relational ............................. SUCCESS [  0.645 s]
[INFO] hzb-kno-api ........................................ SUCCESS [  3.289 s]
[INFO] hzb-kno-worker ..................................... SUCCESS [  1.713 s]
[INFO] ------------------------------------------------------------------------
[INFO] BUILD SUCCESS
[INFO] ------------------------------------------------------------------------
[INFO] Total time:  9.840 s
[INFO] Finished at: 2026-08-02T02:08:02+08:00
[INFO] ------------------------------------------------------------------------

added 99 packages in 3s
npm notice
npm notice New minor version of npm available! 11.6.2 -> 11.19.0
npm notice Changelog: https://github.com/npm/cli/releases/tag/v11.19.0
npm notice To update run: npm install -g npm@11.19.0
npm notice

> hzb-kno-workbench@0.1.0 check
> vue-tsc --noEmit


> hzb-kno-workbench@0.1.0 test
> vitest run


 RUN  v4.1.10 /home/szf/dev/gits-knowledge-engineering/frontend


 Test Files  1 passed (1)
      Tests  1 passed (1)
   Start at  02:08:08
   Duration  115ms (transform 15ms, setup 0ms, import 27ms, tests 3ms, environment 0ms)


> hzb-kno-workbench@0.1.0 build
> vue-tsc --noEmit && vite build

vite v8.2.0 building client environment for production...
[2Ktransforming...✓ 3811 modules transformed.
rendering chunks...
computing gzip size...
dist/index.html                   0.42 kB │ gzip:  0.32 kB
dist/assets/index-CZz07PD0.css   16.45 kB │ gzip:  3.30 kB
dist/assets/index-BPKJDo_4.js   183.17 kB │ gzip: 63.81 kB

✓ built in 410ms
db-check: OK: connected as ontos@localhost:3306
db-check: OK: database gits_ke ready
db-check: PASS
semantic-rule-gate: SHACL: PASS
semantic-rule-gate: Schema JSON: PASS
semantic-rule-gate: DMN: PASS
semantic-rule-gate: LinkML: PASS
semantic-rule-gate: PASS
